// Jest Snapshot v1, https://goo.gl/fbAQLP

exports[`<Form /> renders the form with an error 1`] = `
<div
  class="form__Container-sc-1ki74p3-0 korcMf"
>
  <div
    class="form__Error-sc-1ki74p3-1 dranfg"
  >
    Your email address is already being used
  </div>
  <button
    class="form__Submit-sc-1ki74p3-8 ilXOLY"
    type="submit"
  >
    Sign In
  </button>
</div>
`;

exports[`<Form /> renders the form with populated data 1`] = `
<div
  class="form__Container-sc-1ki74p3-0 korcMf"
>
  <h1
    class="form__Title-sc-1ki74p3-3 grCbBB"
  >
    Sign In Now
  </h1>
  <form
    class="form__Base-sc-1ki74p3-2 mecqS"
  >
    <input
      class="form__Input-sc-1ki74p3-7 hUa-dNL"
      placeholder="Email address"
    />
    <input
      class="form__Input-sc-1ki74p3-7 hUa-dNL"
      placeholder="Password"
      type="password"
    />
    <button
      class="form__Submit-sc-1ki74p3-8 ilXOLY"
      disabled=""
      type="submit"
    >
      Sign In
    </button>
    <p
      class="form__Text-sc-1ki74p3-4 kRwjRk"
    >
      New to Netflix?
    </p>
    <p
      class="form__TextSmall-sc-1ki74p3-5 CUjbI"
    >
      This page is protected by Google reCAPTCHA to ensure you're not a bot. Learn more.
    </p>
  </form>
</div>
`;
